Γû▓ Next.js 16.2.10 (Turbopack)
- Environments: .env.local, .env

  Creating an optimized production build ...
Γ£ô Compiled successfully in 12.1s
  Running TypeScript ...
node.exe : Failed to type check.
At line:1 char:1
+ & "C:\Program Files\nodejs/node.exe" "C:\Program Files\nodejs/node_mo ...
+ ~~~~~~~~~~~~~~~~~~~~~~~~~~~~~~~~~~~~~~~~~~~~~~~~~~~~~~~~~~~~~~~~~~~~~
    + CategoryInfo          : NotSpecified: (Failed to type check.:String) [], RemoteException
    + FullyQualifiedErrorId : NativeCommandError
 

./src/app/api/gps/route.ts:100:16
Type error: Parameter 's' implicitly has an 'any' type.

  [90m 98 |[0m
  [90m 99 |[0m     [36mconst[0m geofences = surveys
[31m[1m>[0m [90m100 |[0m       .filter((s) => s.gpsLatitude && s.gpsLongitude)
  [90m    |[0m                [31m[1m^[0m
  [90m101 |[0m       .map((s) => ({
  [90m102 |[0m         id: s.id,
  [90m103 |[0m         name: s.title,
Next.js build worker exited with code: 1 and signal: null
